<?xml version="1.0" encoding="UTF-8"?>
<testsuites name="jest tests" tests="6" failures="1" errors="0" time="82.161">
  <testsuite name="Next.js App Integration Test" errors="0" failures="1" skipped="0" timestamp="2023-04-17T06:40:57" time="82.126" tests="6">
    <testcase classname="Next.js App Integration Test Init gluestack: Should exist gluestack-ui.config.ts" name="Next.js App Integration Test Init gluestack: Should exist gluestack-ui.config.ts" time="38.396">
    </testcase>
    <testcase classname="Next.js App Integration Test Init gluestack: Should exist components folder" name="Next.js App Integration Test Init gluestack: Should exist components folder" time="0">
    </testcase>
    <testcase classname="Next.js App Integration Test Update configuration: Should exist __document.tsx" name="Next.js App Integration Test Update configuration: Should exist __document.tsx" time="0.001">
    </testcase>
    <testcase classname="Next.js App Integration Test Add component: Should exist button folder " name="Next.js App Integration Test Add component: Should exist button folder " time="10.117">
    </testcase>
    <testcase classname="Next.js App Integration Test Start Next.js app: Should render next app" name="Next.js App Integration Test Start Next.js app: Should render next app" time="12.72">
    </testcase>
    <testcase classname="Next.js App Integration Test Usage button component: Should render button component" name="Next.js App Integration Test Usage button component: Should render button component" time="0.001">
      <failure>Error: expect(received).toMatch(expected)

Matcher error: received value must be a string

Received has type:  boolean
Received has value: false
    at Object.toMatch (/Users/suraj/Sites/projects/gluestack/gluestack-ui-cli/__tests__/integration/next.test.js:227:19)
    at Promise.then.completed (/Users/suraj/Sites/projects/gluestack/gluestack-ui-cli/node_modules/jest-circus/build/utils.js:293:28)
    at new Promise (&lt;anonymous&gt;)
    at callAsyncCircusFn (/Users/suraj/Sites/projects/gluestack/gluestack-ui-cli/node_modules/jest-circus/build/utils.js:226:10)
    at _callCircusTest (/Users/suraj/Sites/projects/gluestack/gluestack-ui-cli/node_modules/jest-circus/build/run.js:297:40)
    at processTicksAndRejections (node:internal/process/task_queues:95:5)
    at _runTest (/Users/suraj/Sites/projects/gluestack/gluestack-ui-cli/node_modules/jest-circus/build/run.js:233:3)
    at _runTestsForDescribeBlock (/Users/suraj/Sites/projects/gluestack/gluestack-ui-cli/node_modules/jest-circus/build/run.js:135:9)
    at _runTestsForDescribeBlock (/Users/suraj/Sites/projects/gluestack/gluestack-ui-cli/node_modules/jest-circus/build/run.js:130:9)
    at run (/Users/suraj/Sites/projects/gluestack/gluestack-ui-cli/node_modules/jest-circus/build/run.js:68:3)
    at runAndTransformResultsToJestFormat (/Users/suraj/Sites/projects/gluestack/gluestack-ui-cli/node_modules/jest-circus/build/legacy-code-todo-rewrite/jestAdapterInit.js:122:21)
    at jestAdapter (/Users/suraj/Sites/projects/gluestack/gluestack-ui-cli/node_modules/jest-circus/build/legacy-code-todo-rewrite/jestAdapter.js:79:19)
    at runTestInternal (/Users/suraj/Sites/projects/gluestack/gluestack-ui-cli/node_modules/jest-runner/build/runTest.js:367:16)
    at runTest (/Users/suraj/Sites/projects/gluestack/gluestack-ui-cli/node_modules/jest-runner/build/runTest.js:444:34)</failure>
    </testcase>
  </testsuite>
</testsuites>